2026-07-21 16:35:57.419: [INFO] OnDoneLoading sync enabled: 0
2026-07-21 16:39:06.936: [INFO] OnDoneLoading sync enabled: 0
2026-07-22 05:58:20.527: [INFO] OnDoneLoading sync enabled: 0
2026-07-22 06:01:32.312: [INFO] OnDoneLoading sync enabled: 0
2026-07-22 06:04:35.161: [INFO] OnDoneLoading sync enabled: 0
2026-07-22 06:10:50.983: [INFO] OnDoneLoading sync enabled: 0
2026-07-24 11:00:45.553: [INFO] OnDoneLoading sync enabled: 0
2026-07-24 11:04:52.615: [INFO] OnDoneLoading sync enabled: 0
2026-07-24 11:14:13.699: [INFO] OnDoneLoading sync enabled: 0
2026-07-24 11:27:58.087: [INFO] OnDoneLoading sync enabled: 0
2026-07-24 11:30:03.903: [INFO] OnDoneLoading sync enabled: 0
2026-07-24 11:38:46.437: [INFO] OnDoneLoading sync enabled: 0
2026-07-24 11:43:29.160: [INFO] OnDoneLoading sync enabled: 0
2026-07-27 09:33:24.451: [INFO] OnDoneLoading sync enabled: 0
2026-07-27 09:35:40.531: [INFO] OnDoneLoading sync enabled: 0
2026-07-27 09:37:32.730: [INFO] OnDoneLoading sync enabled: 0
2026-07-27 09:40:18.325: [INFO] OnDoneLoading sync enabled: 0
2026-07-27 09:43:07.195: [INFO] OnDoneLoading sync enabled: 0
2026-07-27 09:44:30.127: [INFO] OnDoneLoading sync enabled: 0
2026-07-30 08:50:15.051: [INFO] OnDoneLoading sync enabled: 0
2026-07-30 09:04:00.468: [INFO] OnDoneLoading sync enabled: 0
2026-07-30 09:05:13.389: [INFO] OnDoneLoading sync enabled: 0
2026-07-30 09:08:18.230: [INFO] OnDoneLoading sync enabled: 0
2026-07-30 09:10:08.077: [INFO] OnDoneLoading sync enabled: 0
2026-07-30 09:12:39.717: [INFO] OnDoneLoading sync enabled: 0
2026-07-30 09:21:10.226: [INFO] OnDoneLoading sync enabled: 0
2026-07-30 09:22:55.222: [INFO] OnDoneLoading sync enabled: 0
2026-08-20 06:13:09.675: [INFO] CurrentProfilePath: C:\Users\KL NARSIMHA\git\Javakln\javademo\.metadata\.plugins\org.eclipse.swt\EBWebView\Default
2026-08-20 06:13:09.675: [INFO] Profiles total count: 1
2026-08-20 06:13:09.676: [INFO] Profile: name=Profile 1 path=C:\Users\KL NARSIMHA\git\Javakln\javademo\.metadata\.plugins\org.eclipse.swt\EBWebView\Default lastActive=2026-08-20T06:08:40.904Z
2026-08-20 06:13:09.676: [INFO] LastUsedProfileDir: C:\Users\KL NARSIMHA\git\Javakln\javademo\.metadata\.plugins\org.eclipse.swt\EBWebView\Default
2026-08-20 06:13:09.676: [INFO] MostRecentlyActiveProfile: name=Profile 1 path=C:\Users\KL NARSIMHA\git\Javakln\javademo\.metadata\.plugins\org.eclipse.swt\EBWebView\Default lastActive=2026-08-20T06:08:40.904Z
2026-08-20 06:13:09.676: [INFO] OnDoneLoading sync enabled: 0
2026-08-20 06:13:09.676: [INFO] BookmarkModelLoaded, ids_reassigned: 0
2026-08-20 06:13:09.676: [INFO] BookmarksLoadDropped droppedNodes=0
2026-08-20 06:13:09.676: [INFO] BookmarksSnapshot Startup total=0 bar=0 other=0 mobile=0 showBar=0 showBarNTP=1
2026-08-20 06:20:59.310: [INFO] BookmarksSnapshot Shutdown total=0 bar=0 other=0 mobile=0 showBar=0 showBarNTP=1
2026-08-20 06:27:50.197: [INFO] CurrentProfilePath: C:\Users\KL NARSIMHA\git\Javakln\javademo\.metadata\.plugins\org.eclipse.swt\EBWebView\Default
2026-08-20 06:27:50.197: [INFO] Profiles total count: 1
2026-08-20 06:27:50.197: [INFO] Profile: name=Profile 1 path=C:\Users\KL NARSIMHA\git\Javakln\javademo\.metadata\.plugins\org.eclipse.swt\EBWebView\Default lastActive=2026-08-20T06:26:24.665Z
2026-08-20 06:27:50.197: [INFO] LastUsedProfileDir: C:\Users\KL NARSIMHA\git\Javakln\javademo\.metadata\.plugins\org.eclipse.swt\EBWebView\Default
2026-08-20 06:27:50.198: [INFO] MostRecentlyActiveProfile: name=Profile 1 path=C:\Users\KL NARSIMHA\git\Javakln\javademo\.metadata\.plugins\org.eclipse.swt\EBWebView\Default lastActive=2026-08-20T06:26:24.665Z
2026-08-20 06:27:50.198: [INFO] OnDoneLoading sync enabled: 0
2026-08-20 06:27:50.198: [INFO] BookmarkModelLoaded, ids_reassigned: 0
2026-08-20 06:27:50.198: [INFO] BookmarksLoadDropped droppedNodes=0
2026-08-20 06:27:50.198: [INFO] BookmarksSnapshot Startup total=0 bar=0 other=0 mobile=0 showBar=0 showBarNTP=1
2026-08-20 06:29:14.657: [INFO] BookmarksSnapshot Shutdown total=0 bar=0 other=0 mobile=0 showBar=0 showBarNTP=1
